`torch_dtype` is deprecated! Use `dtype` instead!
16:45:58 training latent fact codec on 16-char facts ...
16:45:59   step    0 loss 10.481 | exact=0.000 tokacc=0.000 [1s]
16:46:09   step  100 loss 4.346 | exact=0.000 tokacc=0.137 [11s]
16:46:20   step  200 loss 4.256 | exact=0.000 tokacc=0.134 [22s]
16:46:30   step  300 loss 4.213 | exact=0.000 tokacc=0.151 [32s]
16:46:41   step  400 loss 3.995 | exact=0.000 tokacc=0.185 [43s]
16:46:51   step  500 loss 3.658 | exact=0.000 tokacc=0.278 [53s]
16:47:02   step  600 loss 2.799 | exact=0.000 tokacc=0.317 [64s]
16:47:12   step  700 loss 1.829 | exact=0.000 tokacc=0.440 [74s]
16:47:23   step  800 loss 1.304 | exact=0.000 tokacc=0.620 [85s]
16:47:34   step  900 loss 0.891 | exact=0.021 tokacc=0.731 [96s]
16:47:44   step 1000 loss 0.669 | exact=0.031 tokacc=0.765 [106s]
16:47:55   step 1100 loss 0.512 | exact=0.088 tokacc=0.819 [117s]
16:48:05   step 1200 loss 0.420 | exact=0.146 tokacc=0.851 [127s]
16:48:16   step 1300 loss 0.339 | exact=0.148 tokacc=0.854 [138s]
16:48:27   step 1400 loss 0.425 | exact=0.186 tokacc=0.858 [149s]
16:48:38   step 1500 loss 0.287 | exact=0.232 tokacc=0.881 [161s]
16:48:49   step 1600 loss 0.296 | exact=0.289 tokacc=0.897 [171s]
16:49:00   step 1700 loss 0.248 | exact=0.322 tokacc=0.904 [183s]
16:49:12   step 1800 loss 0.328 | exact=0.324 tokacc=0.904 [194s]
16:49:23   step 1900 loss 0.331 | exact=0.359 tokacc=0.908 [205s]
16:49:34   step 1999 loss 0.247 | exact=0.340 tokacc=0.907 [216s]
16:49:34 codec self-reconstruction: exact=0.387 tokacc=0.913
16:49:34 eval pool: 1680 identities
16:49:35 N=10 | text=0.224 latent=0.320 hybrid=1.000 (id=1.000, codec=0.387)
16:49:35 N=50 | text=0.013 latent=0.335 hybrid=0.902 (id=0.902, codec=0.387)
16:49:35 N=100 | text=0.024 latent=0.328 hybrid=0.893 (id=0.893, codec=0.387)
16:49:37 N=300 | text=0.023 latent=0.326 hybrid=0.853 (id=0.853, codec=0.387)

=== MULTIMODAL MEMORY BENCHMARK (16-char exact facts, codec self-recon=0.39) ===
    N |    text_only  latent_only       hybrid  id_rec
   10 |  0.224±0.025  0.320±0.108  1.000±0.000   1.000
   50 |  0.013±0.001  0.335±0.090  0.902±0.046   0.902
  100 |  0.024±0.004  0.328±0.020  0.893±0.020   0.893
  300 |  0.023±0.001  0.326±0.016  0.853±0.019   0.853

wrote results/multimem_bench_c16.json
