`torch_dtype` is deprecated! Use `dtype` instead!
16:42:15 training latent fact codec on 8-char facts ...
16:42:16   step    0 loss 10.164 | exact=0.000 tokacc=0.000 [1s]
16:42:27   step  100 loss 3.959 | exact=0.000 tokacc=0.215 [12s]
16:42:38   step  200 loss 3.642 | exact=0.000 tokacc=0.296 [23s]
16:42:49   step  300 loss 2.996 | exact=0.000 tokacc=0.389 [34s]
16:43:00   step  400 loss 1.630 | exact=0.000 tokacc=0.534 [45s]
16:43:11   step  500 loss 0.334 | exact=0.379 tokacc=0.873 [56s]
16:43:22   step  600 loss 0.269 | exact=0.682 tokacc=0.947 [67s]
16:43:33   step  700 loss 0.102 | exact=0.812 tokacc=0.972 [78s]
16:43:43   step  800 loss 0.082 | exact=0.746 tokacc=0.961 [88s]
16:43:53   step  900 loss 0.014 | exact=0.902 tokacc=0.985 [98s]
16:44:03   step 1000 loss 0.022 | exact=0.918 tokacc=0.988 [109s]
16:44:14   step 1100 loss 0.025 | exact=0.961 tokacc=0.994 [119s]
16:44:25   step 1200 loss 0.048 | exact=0.922 tokacc=0.989 [130s]
16:44:35   step 1300 loss 0.021 | exact=0.951 tokacc=0.993 [141s]
16:44:46   step 1400 loss 0.024 | exact=0.961 tokacc=0.994 [151s]
16:44:57   step 1500 loss 0.013 | exact=0.971 tokacc=0.996 [162s]
16:45:08   step 1600 loss 0.018 | exact=0.975 tokacc=0.996 [173s]
16:45:18   step 1700 loss 0.004 | exact=0.982 tokacc=0.997 [183s]
16:45:29   step 1800 loss 0.019 | exact=0.982 tokacc=0.997 [194s]
16:45:39   step 1900 loss 0.003 | exact=0.980 tokacc=0.997 [204s]
16:45:50   step 1999 loss 0.007 | exact=0.977 tokacc=0.997 [215s]
16:45:50 codec self-reconstruction: exact=0.980 tokacc=0.997
16:45:50 eval pool: 1680 identities
16:45:50 N=10 | text=0.139 latent=1.000 hybrid=1.000 (id=1.000, codec=0.980)
16:45:50 N=50 | text=0.053 latent=0.866 hybrid=0.902 (id=0.902, codec=0.980)
16:45:51 N=100 | text=0.031 latent=0.876 hybrid=0.893 (id=0.893, codec=0.980)
16:45:53 N=300 | text=0.007 latent=0.832 hybrid=0.853 (id=0.853, codec=0.980)

=== MULTIMODAL MEMORY BENCHMARK (8-char exact facts, codec self-recon=0.98) ===
    N |    text_only  latent_only       hybrid  id_rec
   10 |  0.139±0.080  1.000±0.000  1.000±0.000   1.000
   50 |  0.053±0.025  0.866±0.023  0.902±0.046   0.902
  100 |  0.031±0.024  0.876±0.020  0.893±0.020   0.893
  300 |  0.007±0.002  0.832±0.016  0.853±0.019   0.853

wrote results/multimem_bench_c8.json
