=== capacity sweep Mon Jun 29 02:18:21 PM UTC 2026 ===
14:18:21 arcface_face_xxxl: 2180 identities (>=2), dim=512
14:18:21 M= 2 done
14:18:21 M= 4 done
14:18:21 M= 8 done
14:18:22 M=16 done
14:18:22 M=32 done
14:18:22 M=64 done

=== SET-MEMORY recall@1: compress M arcface_face_xxxl into k prototype slots ===
  M\k       2      4      8     16     32     64
    2    0.98   0.98   0.98   0.98   0.98   0.98
    4    0.48   0.96   0.96   0.96   0.96   0.96
    8    0.24   0.48   0.95   0.95   0.95   0.95
   16    0.12   0.23   0.46   0.93   0.93   0.93
   32    0.06   0.11   0.23   0.46   0.92   0.92
   64    0.03   0.06   0.11   0.21   0.44   0.88

wrote results/setmem_face.json
Read: recall holds for k>=M (~1 slot/identity); drops ~k/M when k<M.
face rc=0
14:18:22 ecapa_libri_large: 58 identities (>=2), dim=192
14:18:22 M= 2 done
14:18:22 M= 4 done
14:18:22 M= 8 done
14:18:22 M=16 done
14:18:22 M=32 done

=== SET-MEMORY recall@1: compress M ecapa_libri_large into k prototype slots ===
  M\k       2      4      8     16     32
    2    1.00   1.00   1.00   1.00   1.00
    4    0.50   0.99   0.99   0.99   0.99
    8    0.25   0.50   1.00   1.00   1.00
   16    0.12   0.24   0.49   1.00   1.00
   32    0.06   0.12   0.25   0.49   0.99

wrote results/setmem_voice.json
Read: recall holds for k>=M (~1 slot/identity); drops ~k/M when k<M.
voice rc=0
14:18:22 ast_esc50_full: 50 identities (>=2), dim=768
14:18:23 M= 2 done
14:18:23 M= 4 done
14:18:23 M= 8 done
14:18:23 M=16 done
14:18:23 M=32 done

=== SET-MEMORY recall@1: compress M ast_esc50_full into k prototype slots ===
  M\k       2      4      8     16     32
    2    0.95   0.95   0.95   0.95   0.95
    4    0.46   0.89   0.89   0.89   0.89
    8    0.21   0.40   0.87   0.87   0.87
   16    0.10   0.19   0.38   0.82   0.82
   32    0.05   0.09   0.17   0.35   0.76

wrote results/setmem_acoustic.json
Read: recall holds for k>=M (~1 slot/identity); drops ~k/M when k<M.
acoustic rc=0
14:18:23 clip_mid_wikiart_xxl: 128 identities (>=2), dim=2304
14:18:23 M= 2 done
14:18:23 M= 4 done
14:18:23 M= 8 done
14:18:23 M=16 done
14:18:23 M=32 done
14:18:24 M=64 done

=== SET-MEMORY recall@1: compress M clip_mid_wikiart_xxl into k prototype slots ===
  M\k       2      4      8     16     32     64
    2    0.76   0.76   0.76   0.76   0.76   0.76
    4    0.34   0.60   0.60   0.60   0.60   0.60
    8    0.20   0.26   0.46   0.46   0.46   0.46
   16    0.08   0.13   0.18   0.33   0.33   0.33
   32    0.05   0.07   0.10   0.15   0.26   0.26
   64    0.02   0.03   0.04   0.06   0.11   0.20

wrote results/setmem_style.json
Read: recall holds for k>=M (~1 slot/identity); drops ~k/M when k<M.
style rc=0
14:18:24 wav2vec_para_spk_emo: 168 identities (>=2), dim=1024
14:18:24 M= 2 done
14:18:24 M= 4 done
14:18:24 M= 8 done
14:18:24 M=16 done
14:18:24 M=32 done
14:18:25 M=64 done

=== SET-MEMORY recall@1: compress M wav2vec_para_spk_emo into k prototype slots ===
  M\k       2      4      8     16     32     64
    2    0.94   0.94   0.94   0.94   0.94   0.94
    4    0.47   0.85   0.85   0.85   0.85   0.85
    8    0.24   0.42   0.67   0.67   0.67   0.67
   16    0.12   0.23   0.37   0.52   0.52   0.52
   32    0.06   0.12   0.20   0.26   0.36   0.36
   64    0.03   0.06   0.10   0.13   0.18   0.26

wrote results/setmem_tone.json
Read: recall holds for k>=M (~1 slot/identity); drops ~k/M when k<M.
tone rc=0
=== capacity done Mon Jun 29 02:18:25 PM UTC 2026 ===
