=== k-sweep finished; smoke-testing set_memory ===
=== set_memory smoke OK; launching full capacity sweep ===
01:26:28 M= 2 faces | recall@1=0.523 | k/M=8.00 tokens/identity
01:26:29 M= 4 faces | recall@1=0.215 | k/M=4.00 tokens/identity
 M faces  recall@1    k/M
===== FACE k=4 =====
       2     0.500   2.00
       4     0.254   1.00
       8     0.127   0.50
      16     0.070   0.25
      32     0.032   0.12
      64     0.016   0.06
===== FACE k=8 =====
       2     0.500   4.00
       4     0.238   2.00
       8     0.137   1.00
      16     0.055   0.50
      32     0.028   0.25
      64     0.018   0.12
===== FACE k=16 =====
       2     0.523   8.00
       4     0.301   4.00
       8     0.129   2.00
      16     0.062   1.00
      32     0.035   0.50
      64     0.016   0.25
===== FACE k=32 =====
       2     0.500  16.00
       4     0.246   8.00
       8     0.117   4.00
      16     0.056   2.00
      32     0.031   1.00
      64     0.015   0.50
===== VOICE k=8 =====
       2     0.469   4.00
       4     0.227   2.00
       8     0.133   1.00
      16     0.050   0.50
===== VOICE k=16 =====
       2     0.508   8.00
       4     0.270   4.00
       8     0.121   2.00
      16     0.065   1.00
=========== SET-MEMORY CAPACITY (recall@1) ===========

[face] recall@1 by (k latent tokens) x (M identities):
  k\M       2      4      8     16     32     64
    4    0.50   0.25   0.13   0.07   0.03   0.02
    8    0.50   0.24   0.14   0.05   0.03   0.02
   16    0.52   0.30   0.13   0.06   0.03   0.02
   32    0.50   0.25   0.12   0.06   0.03   0.01

[voice] recall@1 by (k latent tokens) x (M identities):
  k\M       2      4      8     16
    8    0.47   0.23   0.13   0.05
   16    0.51   0.27   0.12   0.07
SETMEM_SWEEP_DONE
