[gpu_wait] 2684 MiB free < 30720 MiB needed; waited 0s, polling…
[gpu_wait] 2684 MiB free < 30720 MiB needed; waited 30s, polling…
[gpu_wait] 2684 MiB free < 30720 MiB needed; waited 60s, polling…
[gpu_wait] 2684 MiB free < 30720 MiB needed; waited 90s, polling…
[gpu_wait] 2684 MiB free < 30720 MiB needed; waited 120s, polling…
[gpu_wait] 2684 MiB free < 30720 MiB needed; waited 150s, polling…
[gpu_wait] 2684 MiB free < 30720 MiB needed; waited 180s, polling…
[gpu_wait] 2684 MiB free < 30720 MiB needed; waited 210s, polling…
[gpu_wait] 2684 MiB free < 30720 MiB needed; waited 240s, polling…
[gpu_wait] 97250 MiB free >= 30720 MiB needed — proceeding.
[04:06 attempt 1] verify code_memory M=1 (3000 steps, rank 32)
[attempt 1] M=1 exact-match = 0.869140625
[attempt 1] FIX WORKS -> per-M sweep
  M=1 -> 0.869
  M=2 -> 0.062
  M=4 -> 0.0
  M=8 -> 0.0
  M=16 -> 0.0
MULTICODE_SWEEP_OK
GATED_RETRY_FINISHED
