`torch_dtype` is deprecated! Use `dtype` instead!
16:58:30 codec trainable params: 13.86M
16:58:30 === fact length 16 chars ===
16:58:32   step    0 loss 10.481 | exact=0.000 tokacc=0.000 [1s]
16:58:46   step  100 loss 4.346 | exact=0.000 tokacc=0.137 [15s]
16:59:00   step  200 loss 4.256 | exact=0.000 tokacc=0.134 [29s]
16:59:13   step  300 loss 4.213 | exact=0.000 tokacc=0.151 [43s]
16:59:28   step  400 loss 3.995 | exact=0.000 tokacc=0.185 [57s]
16:59:42   step  500 loss 3.658 | exact=0.000 tokacc=0.278 [72s]
16:59:56   step  600 loss 2.799 | exact=0.000 tokacc=0.317 [86s]
17:00:11   step  700 loss 1.829 | exact=0.000 tokacc=0.440 [100s]
17:00:25   step  800 loss 1.304 | exact=0.000 tokacc=0.620 [114s]
17:00:39   step  900 loss 0.891 | exact=0.021 tokacc=0.731 [129s]
17:00:53   step 1000 loss 0.669 | exact=0.031 tokacc=0.765 [143s]
17:01:05   step 1100 loss 0.512 | exact=0.088 tokacc=0.819 [154s]
17:01:19   step 1200 loss 0.420 | exact=0.146 tokacc=0.851 [168s]
17:01:33   step 1300 loss 0.339 | exact=0.148 tokacc=0.854 [182s]
17:01:47   step 1400 loss 0.425 | exact=0.186 tokacc=0.858 [196s]
17:02:01   step 1500 loss 0.287 | exact=0.232 tokacc=0.881 [210s]
17:02:15   step 1600 loss 0.296 | exact=0.289 tokacc=0.897 [224s]
17:02:29   step 1700 loss 0.248 | exact=0.322 tokacc=0.904 [238s]
17:02:42   step 1800 loss 0.328 | exact=0.324 tokacc=0.904 [252s]
17:02:56   step 1900 loss 0.331 | exact=0.359 tokacc=0.908 [266s]
17:03:10   step 1999 loss 0.247 | exact=0.340 tokacc=0.907 [280s]

=== LATENT FACT-CODEC: can a latent hold an exact fact? ===
fact_chars | exact_match
        16 |       0.359

wrote results/multimem_codec_h16.json
