`torch_dtype` is deprecated! Use `dtype` instead!
16:53:51 codec trainable params: 13.86M
16:53:51 === fact length 12 chars ===
16:53:52   step    0 loss 10.148 | exact=0.000 tokacc=0.000 [1s]
16:54:05   step  100 loss 4.286 | exact=0.000 tokacc=0.165 [14s]
16:54:19   step  200 loss 4.012 | exact=0.000 tokacc=0.182 [28s]
16:54:33   step  300 loss 3.909 | exact=0.000 tokacc=0.215 [42s]
16:54:46   step  400 loss 3.796 | exact=0.000 tokacc=0.215 [55s]
16:54:59   step  500 loss 3.625 | exact=0.000 tokacc=0.254 [69s]
16:55:13   step  600 loss 3.316 | exact=0.000 tokacc=0.341 [82s]
16:55:27   step  700 loss 1.542 | exact=0.000 tokacc=0.560 [96s]
16:55:41   step  800 loss 0.726 | exact=0.035 tokacc=0.757 [110s]
16:55:54   step  900 loss 0.451 | exact=0.166 tokacc=0.844 [123s]
16:56:08   step 1000 loss 0.405 | exact=0.252 tokacc=0.863 [137s]
16:56:21   step 1100 loss 0.264 | exact=0.420 tokacc=0.914 [150s]
16:56:35   step 1200 loss 0.336 | exact=0.434 tokacc=0.917 [164s]
16:56:48   step 1300 loss 0.199 | exact=0.553 tokacc=0.939 [177s]
16:57:01   step 1400 loss 0.139 | exact=0.631 tokacc=0.950 [191s]
16:57:16   step 1500 loss 0.131 | exact=0.676 tokacc=0.958 [205s]
16:57:30   step 1600 loss 0.146 | exact=0.684 tokacc=0.961 [219s]
16:57:45   step 1700 loss 0.126 | exact=0.734 tokacc=0.967 [234s]
16:57:57   step 1800 loss 0.099 | exact=0.744 tokacc=0.970 [246s]
16:58:11   step 1900 loss 0.101 | exact=0.756 tokacc=0.971 [260s]
16:58:25   step 1999 loss 0.104 | exact=0.758 tokacc=0.971 [274s]

=== LATENT FACT-CODEC: can a latent hold an exact fact? ===
fact_chars | exact_match
        12 |       0.758

wrote results/multimem_codec_h12.json
