[gpu_wait] 757 MiB free < 24576 MiB needed; waited 0s, polling…
[gpu_wait] 757 MiB free < 24576 MiB needed; waited 30s, polling…
[gpu_wait] 757 MiB free < 24576 MiB needed; waited 60s, polling…
[gpu_wait] 757 MiB free < 24576 MiB needed; waited 90s, polling…
[gpu_wait] 757 MiB free < 24576 MiB needed; waited 120s, polling…
[gpu_wait] 757 MiB free < 24576 MiB needed; waited 150s, polling…
[gpu_wait] 757 MiB free < 24576 MiB needed; waited 180s, polling…
[gpu_wait] 757 MiB free < 24576 MiB needed; waited 210s, polling…
[gpu_wait] 757 MiB free < 24576 MiB needed; waited 240s, polling…
[gpu_wait] 757 MiB free < 24576 MiB needed; waited 270s, polling…
[gpu_wait] 757 MiB free < 24576 MiB needed; waited 300s, polling…
[gpu_wait] 757 MiB free < 24576 MiB needed; waited 330s, polling…
[gpu_wait] 757 MiB free < 24576 MiB needed; waited 360s, polling…
[gpu_wait] 757 MiB free < 24576 MiB needed; waited 390s, polling…
[gpu_wait] 757 MiB free < 24576 MiB needed; waited 420s, polling…
[gpu_wait] 757 MiB free < 24576 MiB needed; waited 450s, polling…
[gpu_wait] 757 MiB free < 24576 MiB needed; waited 480s, polling…
[gpu_wait] 757 MiB free < 24576 MiB needed; waited 510s, polling…
[gpu_wait] 755 MiB free < 24576 MiB needed; waited 540s, polling…
[gpu_wait] 755 MiB free < 24576 MiB needed; waited 570s, polling…
[gpu_wait] 755 MiB free < 24576 MiB needed; waited 600s, polling…
[gpu_wait] 755 MiB free < 24576 MiB needed; waited 630s, polling…
[gpu_wait] 755 MiB free < 24576 MiB needed; waited 660s, polling…
[gpu_wait] 755 MiB free < 24576 MiB needed; waited 691s, polling…
[gpu_wait] 755 MiB free < 24576 MiB needed; waited 721s, polling…
[gpu_wait] 755 MiB free < 24576 MiB needed; waited 751s, polling…
[gpu_wait] 755 MiB free < 24576 MiB needed; waited 781s, polling…
[gpu_wait] 755 MiB free < 24576 MiB needed; waited 811s, polling…
[gpu_wait] 755 MiB free < 24576 MiB needed; waited 841s, polling…
[gpu_wait] 755 MiB free < 24576 MiB needed; waited 871s, polling…
[gpu_wait] 755 MiB free < 24576 MiB needed; waited 901s, polling…
[gpu_wait] 755 MiB free < 24576 MiB needed; waited 931s, polling…
[gpu_wait] 755 MiB free < 24576 MiB needed; waited 961s, polling…
[gpu_wait] 755 MiB free < 24576 MiB needed; waited 991s, polling…
[gpu_wait] 755 MiB free < 24576 MiB needed; waited 1021s, polling…
[gpu_wait] 755 MiB free < 24576 MiB needed; waited 1051s, polling…
[gpu_wait] 755 MiB free < 24576 MiB needed; waited 1081s, polling…
[gpu_wait] 755 MiB free < 24576 MiB needed; waited 1111s, polling…
[gpu_wait] 755 MiB free < 24576 MiB needed; waited 1141s, polling…
[gpu_wait] 755 MiB free < 24576 MiB needed; waited 1171s, polling…
[gpu_wait] 755 MiB free < 24576 MiB needed; waited 1201s, polling…
[gpu_wait] 755 MiB free < 24576 MiB needed; waited 1231s, polling…
[gpu_wait] 755 MiB free < 24576 MiB needed; waited 1261s, polling…
[gpu_wait] 755 MiB free < 24576 MiB needed; waited 1291s, polling…
[gpu_wait] 755 MiB free < 24576 MiB needed; waited 1321s, polling…
[gpu_wait] 755 MiB free < 24576 MiB needed; waited 1351s, polling…
[gpu_wait] 755 MiB free < 24576 MiB needed; waited 1381s, polling…
[gpu_wait] 755 MiB free < 24576 MiB needed; waited 1412s, polling…
[gpu_wait] 13446 MiB free < 24576 MiB needed; waited 1442s, polling…
[gpu_wait] 675 MiB free < 24576 MiB needed; waited 1472s, polling…
[gpu_wait] 675 MiB free < 24576 MiB needed; waited 1502s, polling…
[gpu_wait] 675 MiB free < 24576 MiB needed; waited 1532s, polling…
[gpu_wait] 675 MiB free < 24576 MiB needed; waited 1562s, polling…
[gpu_wait] 675 MiB free < 24576 MiB needed; waited 1592s, polling…
[gpu_wait] 675 MiB free < 24576 MiB needed; waited 1622s, polling…
[gpu_wait] 675 MiB free < 24576 MiB needed; waited 1652s, polling…
[gpu_wait] 675 MiB free < 24576 MiB needed; waited 1682s, polling…
[gpu_wait] 675 MiB free < 24576 MiB needed; waited 1712s, polling…
[gpu_wait] 675 MiB free < 24576 MiB needed; waited 1742s, polling…
[gpu_wait] 675 MiB free < 24576 MiB needed; waited 1772s, polling…
[gpu_wait] 675 MiB free < 24576 MiB needed; waited 1802s, polling…
[gpu_wait] 675 MiB free < 24576 MiB needed; waited 1832s, polling…
[gpu_wait] 675 MiB free < 24576 MiB needed; waited 1862s, polling…
[gpu_wait] 675 MiB free < 24576 MiB needed; waited 1892s, polling…
[gpu_wait] 675 MiB free < 24576 MiB needed; waited 1922s, polling…
[gpu_wait] 675 MiB free < 24576 MiB needed; waited 1952s, polling…
[gpu_wait] 675 MiB free < 24576 MiB needed; waited 1982s, polling…
[gpu_wait] 675 MiB free < 24576 MiB needed; waited 2012s, polling…
[gpu_wait] 675 MiB free < 24576 MiB needed; waited 2042s, polling…
[gpu_wait] 675 MiB free < 24576 MiB needed; waited 2072s, polling…
[gpu_wait] 675 MiB free < 24576 MiB needed; waited 2102s, polling…
[gpu_wait] 675 MiB free < 24576 MiB needed; waited 2133s, polling…
[gpu_wait] 675 MiB free < 24576 MiB needed; waited 2163s, polling…
[gpu_wait] 675 MiB free < 24576 MiB needed; waited 2193s, polling…
[gpu_wait] 675 MiB free < 24576 MiB needed; waited 2223s, polling…
[gpu_wait] 675 MiB free < 24576 MiB needed; waited 2253s, polling…
[gpu_wait] 675 MiB free < 24576 MiB needed; waited 2283s, polling…
[gpu_wait] 675 MiB free < 24576 MiB needed; waited 2313s, polling…
[gpu_wait] 675 MiB free < 24576 MiB needed; waited 2343s, polling…
[gpu_wait] 675 MiB free < 24576 MiB needed; waited 2373s, polling…
[gpu_wait] 675 MiB free < 24576 MiB needed; waited 2403s, polling…
[gpu_wait] 675 MiB free < 24576 MiB needed; waited 2433s, polling…
[gpu_wait] 675 MiB free < 24576 MiB needed; waited 2463s, polling…
[gpu_wait] 675 MiB free < 24576 MiB needed; waited 2493s, polling…
[gpu_wait] 675 MiB free < 24576 MiB needed; waited 2523s, polling…
[gpu_wait] 675 MiB free < 24576 MiB needed; waited 2553s, polling…
[gpu_wait] 675 MiB free < 24576 MiB needed; waited 2583s, polling…
[gpu_wait] 675 MiB free < 24576 MiB needed; waited 2613s, polling…
[gpu_wait] 675 MiB free < 24576 MiB needed; waited 2643s, polling…
[gpu_wait] 675 MiB free < 24576 MiB needed; waited 2673s, polling…
[gpu_wait] 675 MiB free < 24576 MiB needed; waited 2703s, polling…
[gpu_wait] 675 MiB free < 24576 MiB needed; waited 2733s, polling…
[gpu_wait] 675 MiB free < 24576 MiB needed; waited 2763s, polling…
[gpu_wait] 675 MiB free < 24576 MiB needed; waited 2793s, polling…
[gpu_wait] 675 MiB free < 24576 MiB needed; waited 2823s, polling…
[gpu_wait] 675 MiB free < 24576 MiB needed; waited 2853s, polling…
[gpu_wait] 675 MiB free < 24576 MiB needed; waited 2884s, polling…
[gpu_wait] 13446 MiB free < 24576 MiB needed; waited 2914s, polling…
[gpu_wait] 13446 MiB free < 24576 MiB needed; waited 2944s, polling…
[gpu_wait] 13446 MiB free < 24576 MiB needed; waited 2974s, polling…
[gpu_wait] 13446 MiB free < 24576 MiB needed; waited 3004s, polling…
[gpu_wait] 13446 MiB free < 24576 MiB needed; waited 3034s, polling…
[gpu_wait] 13446 MiB free < 24576 MiB needed; waited 3064s, polling…
[gpu_wait] 13446 MiB free < 24576 MiB needed; waited 3094s, polling…
[gpu_wait] 13446 MiB free < 24576 MiB needed; waited 3124s, polling…
[gpu_wait] 13446 MiB free < 24576 MiB needed; waited 3154s, polling…
[gpu_wait] 13446 MiB free < 24576 MiB needed; waited 3184s, polling…
[gpu_wait] 13446 MiB free < 24576 MiB needed; waited 3214s, polling…
[gpu_wait] 13446 MiB free < 24576 MiB needed; waited 3244s, polling…
[gpu_wait] 13446 MiB free < 24576 MiB needed; waited 3274s, polling…
[gpu_wait] 13446 MiB free < 24576 MiB needed; waited 3304s, polling…
[gpu_wait] 13446 MiB free < 24576 MiB needed; waited 3334s, polling…
[gpu_wait] 13446 MiB free < 24576 MiB needed; waited 3364s, polling…
[gpu_wait] 13446 MiB free < 24576 MiB needed; waited 3394s, polling…
[gpu_wait] 13446 MiB free < 24576 MiB needed; waited 3424s, polling…
[gpu_wait] 13446 MiB free < 24576 MiB needed; waited 3454s, polling…
[gpu_wait] 13446 MiB free < 24576 MiB needed; waited 3484s, polling…
[gpu_wait] 13446 MiB free < 24576 MiB needed; waited 3514s, polling…
[gpu_wait] 13446 MiB free < 24576 MiB needed; waited 3544s, polling…
[gpu_wait] 13446 MiB free < 24576 MiB needed; waited 3574s, polling…
[gpu_wait] 13446 MiB free < 24576 MiB needed; waited 3604s, polling…
[gpu_wait] 13446 MiB free < 24576 MiB needed; waited 3635s, polling…
[gpu_wait] 13446 MiB free < 24576 MiB needed; waited 3665s, polling…
[gpu_wait] 13446 MiB free < 24576 MiB needed; waited 3695s, polling…
[gpu_wait] 13446 MiB free < 24576 MiB needed; waited 3725s, polling…
[gpu_wait] 13446 MiB free < 24576 MiB needed; waited 3755s, polling…
[gpu_wait] 13446 MiB free < 24576 MiB needed; waited 3785s, polling…
[gpu_wait] 13446 MiB free < 24576 MiB needed; waited 3815s, polling…
[gpu_wait] 13446 MiB free < 24576 MiB needed; waited 3845s, polling…
[gpu_wait] 13446 MiB free < 24576 MiB needed; waited 3875s, polling…
[gpu_wait] 13446 MiB free < 24576 MiB needed; waited 3905s, polling…
[gpu_wait] 13446 MiB free < 24576 MiB needed; waited 3935s, polling…
[gpu_wait] 13446 MiB free < 24576 MiB needed; waited 3965s, polling…
[gpu_wait] 13446 MiB free < 24576 MiB needed; waited 3995s, polling…
[gpu_wait] 13446 MiB free < 24576 MiB needed; waited 4025s, polling…
[gpu_wait] 13446 MiB free < 24576 MiB needed; waited 4055s, polling…
[gpu_wait] 13446 MiB free < 24576 MiB needed; waited 4085s, polling…
[gpu_wait] 13446 MiB free < 24576 MiB needed; waited 4115s, polling…
[gpu_wait] 13446 MiB free < 24576 MiB needed; waited 4145s, polling…
[gpu_wait] 13446 MiB free < 24576 MiB needed; waited 4175s, polling…
[gpu_wait] 13446 MiB free < 24576 MiB needed; waited 4205s, polling…
[gpu_wait] 13446 MiB free < 24576 MiB needed; waited 4235s, polling…
[gpu_wait] 13446 MiB free < 24576 MiB needed; waited 4265s, polling…
[gpu_wait] 13446 MiB free < 24576 MiB needed; waited 4295s, polling…
[gpu_wait] 13446 MiB free < 24576 MiB needed; waited 4325s, polling…
[gpu_wait] 97250 MiB free >= 24576 MiB needed — proceeding.
=== GPU ready; verifying fix (code_memory M=1, 600 steps) ===
  M=1 exact-match after fix: 0.0
=== FIX DID NOT WORK (M=1 still ~0); needs more debugging ===

=== MULTI-CODE MEMORY: 16 shared tokens, 6-char codes ===
 M codes  exact-match
       1        0.000

wrote /tmp/cm_verify.json
CODEMEM_PERM_DONE
