`torch_dtype` is deprecated! Use `dtype` instead!
17:03:16 codec trainable params: 13.86M
17:03:16 === fact length 24 chars ===
17:03:18   step    0 loss 10.309 | exact=0.000 tokacc=0.001 [1s]
17:03:33   step  100 loss 4.428 | exact=0.000 tokacc=0.121 [17s]
17:03:44   step  200 loss 4.403 | exact=0.000 tokacc=0.123 [27s]
17:03:52   step  300 loss 4.455 | exact=0.000 tokacc=0.151 [36s]
17:04:00   step  400 loss 3.909 | exact=0.000 tokacc=0.218 [44s]
17:04:09   step  500 loss 2.596 | exact=0.000 tokacc=0.353 [52s]
17:04:17   step  600 loss 1.815 | exact=0.000 tokacc=0.521 [61s]
17:04:26   step  700 loss 1.081 | exact=0.000 tokacc=0.662 [69s]
17:04:34   step  800 loss 0.905 | exact=0.006 tokacc=0.683 [77s]
17:04:42   step  900 loss 0.727 | exact=0.010 tokacc=0.740 [86s]
17:04:50   step 1000 loss 0.513 | exact=0.023 tokacc=0.782 [94s]
17:04:58   step 1100 loss 0.467 | exact=0.080 tokacc=0.840 [102s]
17:05:06   step 1200 loss 0.427 | exact=0.111 tokacc=0.855 [110s]
17:05:15   step 1300 loss 0.438 | exact=0.158 tokacc=0.865 [118s]
17:05:23   step 1400 loss 0.377 | exact=0.156 tokacc=0.873 [126s]
17:05:31   step 1500 loss 0.277 | exact=0.223 tokacc=0.888 [135s]
17:05:39   step 1600 loss 0.349 | exact=0.223 tokacc=0.893 [143s]
17:05:47   step 1700 loss 0.321 | exact=0.262 tokacc=0.897 [151s]
17:05:56   step 1800 loss 0.342 | exact=0.242 tokacc=0.896 [159s]
17:06:04   step 1900 loss 0.197 | exact=0.266 tokacc=0.901 [168s]
17:06:12   step 1999 loss 0.321 | exact=0.266 tokacc=0.902 [176s]

=== LATENT FACT-CODEC: can a latent hold an exact fact? ===
fact_chars | exact_match
        24 |       0.266

wrote results/multimem_codec_h24.json
