01:28:58 emb=arcface_lfw_xxxl dim=512 | train ids=1008 eval ids=672 | k=8
`torch_dtype` is deprecated! Use `dtype` instead!
01:29:00 trainable 14.61M
01:29:01   step    0 loss 15.955 [0s]
01:29:14   step  300 loss 3.197 [14s]
01:29:28   step  600 loss 3.068 [27s]
01:29:41   step  900 loss 4.655 [41s]
01:29:54   step 1200 loss 2.471 [54s]
01:30:08   step 1500 loss 3.553 [67s]
01:30:21   step 1800 loss 2.298 [81s]
01:30:34   step 2100 loss 3.294 [94s]
01:30:48   step 2400 loss 3.944 [107s]
01:31:01   step 2700 loss 2.542 [121s]
01:31:15 M= 2 faces | recall@1=0.500 | k/M=4.00 tokens/identity
01:31:16 M= 4 faces | recall@1=0.238 | k/M=2.00 tokens/identity
01:31:17 M= 8 faces | recall@1=0.137 | k/M=1.00 tokens/identity
01:31:18 M=16 faces | recall@1=0.055 | k/M=0.50 tokens/identity
01:31:19 M=32 faces | recall@1=0.028 | k/M=0.25 tokens/identity
01:31:20 M=64 faces | recall@1=0.018 | k/M=0.12 tokens/identity

=== SET MEMORY: 8 latent tokens, arcface_lfw_xxxl ===
 M faces  recall@1    k/M
       2     0.500   4.00
       4     0.238   2.00
       8     0.137   1.00
      16     0.055   0.50
      32     0.028   0.25
      64     0.018   0.12

wrote /home/ubuntu/multimodal-user-memory/results/setmem_face_k8.json
